{
  "config_count": 10,
  "dataset_item_count": 2,
  "execution_summary": {
    "completed_pair_count": 20,
    "executed_pair_count": 20,
    "expected_pair_count": 20,
    "failed_pair_count": 0,
    "resumed_pair_count": 0
  },
  "judge_backend": "static-smoke",
  "manifest_name": "w8_abl_01_retrieval_fusion_reranker_v2",
  "metrics": {
    "all_paths_planner_dense_rrf": {
      "answer_present_rate": 1.0,
      "answer_relevancy_avg": 1.0,
      "avg_context_selected_diagnostic_count": 1.0,
      "avg_dense_candidate_count": 0.0,
      "avg_fused_candidate_count": 0.0,
      "avg_gold_doc_coverage_rate": 0.0,
      "avg_gold_page_hit_rate": 0.0,
      "avg_gold_quote_overlap": 0.144,
      "avg_graph_candidate_count": 0.0,
      "avg_latency_ms": 110.815,
      "avg_ranked_candidate_count": 0.0,
      "avg_retrieval_latency_ms": 0.565,
      "avg_source_count": 1.0,
      "avg_sparse_candidate_count": 0.0,
      "chart_context_grounding_avg": 1.0,
      "chart_only_count": 1,
      "citation_coverage_rate": 0.75,
      "citation_fallback_count": 0,
      "citation_marker_presence_rate": 0.0,
      "citation_source_alignment_rate": 0.0,
      "completed_count": 2,
      "context_recall_avg": 1.0,
      "context_selected_count_avg": 1.0,
      "corpus_grounded_item_count": 1,
      "corpus_source_coverage_rate": 1.0,
      "evaluation_total_p95_ms": 117.77,
      "failed_count": 0,
      "faithfulness_avg": 1.0,
      "generation_backend_fallback_count": 0,
      "generation_p50_ms": 0.07,
      "generation_p95_ms": 0.07,
      "graph_hit_rate": 0.0,
      "item_count": 2,
      "judge_failure_count": 0,
      "judge_p50_ms": 0.01,
      "judge_p95_ms": 0.01,
      "no_context_count": 0,
      "p50_latency_ms": 110.81,
      "p95_latency_ms": 117.76,
      "retrieval_backend_fallback_count": 0,
      "retrieval_p50_ms": 0.56,
      "retrieval_p95_ms": 0.91,
      "selected_dense_path_rate": 0.0,
      "selected_graph_path_rate": 0.0,
      "selected_sparse_path_rate": 0.0,
      "source_coverage_rate": 1.0
    },
    "baseline_graph_first": {
      "answer_present_rate": 1.0,
      "answer_relevancy_avg": 1.0,
      "avg_context_selected_diagnostic_count": 1.0,
      "avg_dense_candidate_count": 0.0,
      "avg_fused_candidate_count": 0.0,
      "avg_gold_doc_coverage_rate": 0.0,
      "avg_gold_page_hit_rate": 0.0,
      "avg_gold_quote_overlap": 0.144,
      "avg_graph_candidate_count": 0.0,
      "avg_latency_ms": 112.475,
      "avg_ranked_candidate_count": 0.0,
      "avg_retrieval_latency_ms": 0.41,
      "avg_source_count": 1.0,
      "avg_sparse_candidate_count": 0.0,
      "chart_context_grounding_avg": 1.0,
      "chart_only_count": 1,
      "citation_coverage_rate": 0.75,
      "citation_fallback_count": 0,
      "citation_marker_presence_rate": 0.0,
      "citation_source_alignment_rate": 0.0,
      "completed_count": 2,
      "context_recall_avg": 1.0,
      "context_selected_count_avg": 1.0,
      "corpus_grounded_item_count": 1,
      "corpus_source_coverage_rate": 1.0,
      "evaluation_total_p95_ms": 124.47,
      "failed_count": 0,
      "faithfulness_avg": 1.0,
      "generation_backend_fallback_count": 0,
      "generation_p50_ms": 0.05,
      "generation_p95_ms": 0.05,
      "graph_hit_rate": 0.0,
      "item_count": 2,
      "judge_failure_count": 0,
      "judge_p50_ms": 0.01,
      "judge_p95_ms": 0.01,
      "no_context_count": 0,
      "p50_latency_ms": 112.47,
      "p95_latency_ms": 124.46,
      "retrieval_backend_fallback_count": 0,
      "retrieval_p50_ms": 0.41,
      "retrieval_p95_ms": 0.64,
      "selected_dense_path_rate": 0.0,
      "selected_graph_path_rate": 0.0,
      "selected_sparse_path_rate": 0.0,
      "source_coverage_rate": 1.0
    },
    "baseline_graph_sparse_rrf": {
      "answer_present_rate": 1.0,
      "answer_relevancy_avg": 1.0,
      "avg_context_selected_diagnostic_count": 1.0,
      "avg_dense_candidate_count": 0.0,
      "avg_fused_candidate_count": 0.0,
      "avg_gold_doc_coverage_rate": 0.0,
      "avg_gold_page_hit_rate": 0.0,
      "avg_gold_quote_overlap": 0.144,
      "avg_graph_candidate_count": 0.0,
      "avg_latency_ms": 122.06,
      "avg_ranked_candidate_count": 0.0,
      "avg_retrieval_latency_ms": 0.575,
      "avg_source_count": 1.0,
      "avg_sparse_candidate_count": 0.0,
      "chart_context_grounding_avg": 1.0,
      "chart_only_count": 1,
      "citation_coverage_rate": 0.75,
      "citation_fallback_count": 0,
      "citation_marker_presence_rate": 0.0,
      "citation_source_alignment_rate": 0.0,
      "completed_count": 2,
      "context_recall_avg": 1.0,
      "context_selected_count_avg": 1.0,
      "corpus_grounded_item_count": 1,
      "corpus_source_coverage_rate": 1.0,
      "evaluation_total_p95_ms": 133.14,
      "failed_count": 0,
      "faithfulness_avg": 1.0,
      "generation_backend_fallback_count": 0,
      "generation_p50_ms": 0.08,
      "generation_p95_ms": 0.08,
      "graph_hit_rate": 0.0,
      "item_count": 2,
      "judge_failure_count": 0,
      "judge_p50_ms": 0.02,
      "judge_p95_ms": 0.02,
      "no_context_count": 0,
      "p50_latency_ms": 122.06,
      "p95_latency_ms": 133.12,
      "retrieval_backend_fallback_count": 0,
      "retrieval_p50_ms": 0.57,
      "retrieval_p95_ms": 0.88,
      "selected_dense_path_rate": 0.0,
      "selected_graph_path_rate": 0.0,
      "selected_sparse_path_rate": 0.0,
      "source_coverage_rate": 1.0
    },
    "baseline_no_reranker": {
      "answer_present_rate": 1.0,
      "answer_relevancy_avg": 1.0,
      "avg_context_selected_diagnostic_count": 1.0,
      "avg_dense_candidate_count": 0.0,
      "avg_fused_candidate_count": 0.0,
      "avg_gold_doc_coverage_rate": 0.0,
      "avg_gold_page_hit_rate": 0.0,
      "avg_gold_quote_overlap": 0.144,
      "avg_graph_candidate_count": 0.0,
      "avg_latency_ms": 103.29,
      "avg_ranked_candidate_count": 0.0,
      "avg_retrieval_latency_ms": 0.5,
      "avg_source_count": 1.0,
      "avg_sparse_candidate_count": 0.0,
      "chart_context_grounding_avg": 1.0,
      "chart_only_count": 1,
      "citation_coverage_rate": 0.75,
      "citation_fallback_count": 0,
      "citation_marker_presence_rate": 0.0,
      "citation_source_alignment_rate": 0.0,
      "completed_count": 2,
      "context_recall_avg": 1.0,
      "context_selected_count_avg": 1.0,
      "corpus_grounded_item_count": 1,
      "corpus_source_coverage_rate": 1.0,
      "evaluation_total_p95_ms": 106.3,
      "failed_count": 0,
      "faithfulness_avg": 1.0,
      "generation_backend_fallback_count": 0,
      "generation_p50_ms": 0.06,
      "generation_p95_ms": 0.06,
      "graph_hit_rate": 0.0,
      "item_count": 2,
      "judge_failure_count": 0,
      "judge_p50_ms": 0.01,
      "judge_p95_ms": 0.01,
      "no_context_count": 0,
      "p50_latency_ms": 103.29,
      "p95_latency_ms": 106.29,
      "retrieval_backend_fallback_count": 0,
      "retrieval_p50_ms": 0.5,
      "retrieval_p95_ms": 0.74,
      "selected_dense_path_rate": 0.0,
      "selected_graph_path_rate": 0.0,
      "selected_sparse_path_rate": 0.0,
      "source_coverage_rate": 1.0
    },
    "baseline_weighted_sum": {
      "answer_present_rate": 1.0,
      "answer_relevancy_avg": 1.0,
      "avg_context_selected_diagnostic_count": 1.0,
      "avg_dense_candidate_count": 0.0,
      "avg_fused_candidate_count": 0.0,
      "avg_gold_doc_coverage_rate": 0.0,
      "avg_gold_page_hit_rate": 0.0,
      "avg_gold_quote_overlap": 0.144,
      "avg_graph_candidate_count": 0.0,
      "avg_latency_ms": 99.93,
      "avg_ranked_candidate_count": 0.0,
      "avg_retrieval_latency_ms": 0.425,
      "avg_source_count": 1.0,
      "avg_sparse_candidate_count": 0.0,
      "chart_context_grounding_avg": 1.0,
      "chart_only_count": 1,
      "citation_coverage_rate": 0.75,
      "citation_fallback_count": 0,
      "citation_marker_presence_rate": 0.0,
      "citation_source_alignment_rate": 0.0,
      "completed_count": 2,
      "context_recall_avg": 1.0,
      "context_selected_count_avg": 1.0,
      "corpus_grounded_item_count": 1,
      "corpus_source_coverage_rate": 1.0,
      "evaluation_total_p95_ms": 100.14,
      "failed_count": 0,
      "faithfulness_avg": 1.0,
      "generation_backend_fallback_count": 0,
      "generation_p50_ms": 0.07,
      "generation_p95_ms": 0.08,
      "graph_hit_rate": 0.0,
      "item_count": 2,
      "judge_failure_count": 0,
      "judge_p50_ms": 0.01,
      "judge_p95_ms": 0.01,
      "no_context_count": 0,
      "p50_latency_ms": 99.93,
      "p95_latency_ms": 100.13,
      "retrieval_backend_fallback_count": 0,
      "retrieval_p50_ms": 0.43,
      "retrieval_p95_ms": 0.65,
      "selected_dense_path_rate": 0.0,
      "selected_graph_path_rate": 0.0,
      "selected_sparse_path_rate": 0.0,
      "source_coverage_rate": 1.0
    },
    "dense_only_rrf": {
      "answer_present_rate": 1.0,
      "answer_relevancy_avg": 1.0,
      "avg_context_selected_diagnostic_count": 1.0,
      "avg_dense_candidate_count": 0.0,
      "avg_fused_candidate_count": 0.0,
      "avg_gold_doc_coverage_rate": 0.0,
      "avg_gold_page_hit_rate": 0.0,
      "avg_gold_quote_overlap": 0.144,
      "avg_graph_candidate_count": 0.0,
      "avg_latency_ms": 108.36,
      "avg_ranked_candidate_count": 0.0,
      "avg_retrieval_latency_ms": 0.185,
      "avg_source_count": 1.0,
      "avg_sparse_candidate_count": 0.0,
      "chart_context_grounding_avg": 1.0,
      "chart_only_count": 1,
      "citation_coverage_rate": 0.75,
      "citation_fallback_count": 0,
      "citation_marker_presence_rate": 0.0,
      "citation_source_alignment_rate": 0.0,
      "completed_count": 2,
      "context_recall_avg": 1.0,
      "context_selected_count_avg": 1.0,
      "corpus_grounded_item_count": 1,
      "corpus_source_coverage_rate": 1.0,
      "evaluation_total_p95_ms": 113.15,
      "failed_count": 0,
      "faithfulness_avg": 1.0,
      "generation_backend_fallback_count": 0,
      "generation_p50_ms": 0.05,
      "generation_p95_ms": 0.05,
      "graph_hit_rate": 0.0,
      "item_count": 2,
      "judge_failure_count": 0,
      "judge_p50_ms": 0.01,
      "judge_p95_ms": 0.02,
      "no_context_count": 0,
      "p50_latency_ms": 108.36,
      "p95_latency_ms": 113.14,
      "retrieval_backend_fallback_count": 0,
      "retrieval_p50_ms": 0.18,
      "retrieval_p95_ms": 0.2,
      "selected_dense_path_rate": 0.0,
      "selected_graph_path_rate": 0.0,
      "selected_sparse_path_rate": 0.0,
      "source_coverage_rate": 1.0
    },
    "dense_sparse_rrf": {
      "answer_present_rate": 1.0,
      "answer_relevancy_avg": 1.0,
      "avg_context_selected_diagnostic_count": 1.0,
      "avg_dense_candidate_count": 0.0,
      "avg_fused_candidate_count": 0.0,
      "avg_gold_doc_coverage_rate": 0.0,
      "avg_gold_page_hit_rate": 0.0,
      "avg_gold_quote_overlap": 0.144,
      "avg_graph_candidate_count": 0.0,
      "avg_latency_ms": 105.66,
      "avg_ranked_candidate_count": 0.0,
      "avg_retrieval_latency_ms": 0.325,
      "avg_source_count": 1.0,
      "avg_sparse_candidate_count": 0.0,
      "chart_context_grounding_avg": 1.0,
      "chart_only_count": 1,
      "citation_coverage_rate": 0.75,
      "citation_fallback_count": 0,
      "citation_marker_presence_rate": 0.0,
      "citation_source_alignment_rate": 0.0,
      "completed_count": 2,
      "context_recall_avg": 1.0,
      "context_selected_count_avg": 1.0,
      "corpus_grounded_item_count": 1,
      "corpus_source_coverage_rate": 1.0,
      "evaluation_total_p95_ms": 106.02,
      "failed_count": 0,
      "faithfulness_avg": 1.0,
      "generation_backend_fallback_count": 0,
      "generation_p50_ms": 0.15,
      "generation_p95_ms": 0.23,
      "graph_hit_rate": 0.0,
      "item_count": 2,
      "judge_failure_count": 0,
      "judge_p50_ms": 0.01,
      "judge_p95_ms": 0.02,
      "no_context_count": 0,
      "p50_latency_ms": 105.66,
      "p95_latency_ms": 106.0,
      "retrieval_backend_fallback_count": 0,
      "retrieval_p50_ms": 0.33,
      "retrieval_p95_ms": 0.48,
      "selected_dense_path_rate": 0.0,
      "selected_graph_path_rate": 0.0,
      "selected_sparse_path_rate": 0.0,
      "source_coverage_rate": 1.0
    },
    "graph_dense_rrf": {
      "answer_present_rate": 1.0,
      "answer_relevancy_avg": 1.0,
      "avg_context_selected_diagnostic_count": 1.0,
      "avg_dense_candidate_count": 0.0,
      "avg_fused_candidate_count": 0.0,
      "avg_gold_doc_coverage_rate": 0.0,
      "avg_gold_page_hit_rate": 0.0,
      "avg_gold_quote_overlap": 0.144,
      "avg_graph_candidate_count": 0.0,
      "avg_latency_ms": 106.845,
      "avg_ranked_candidate_count": 0.0,
      "avg_retrieval_latency_ms": 0.36,
      "avg_source_count": 1.0,
      "avg_sparse_candidate_count": 0.0,
      "chart_context_grounding_avg": 1.0,
      "chart_only_count": 1,
      "citation_coverage_rate": 0.75,
      "citation_fallback_count": 0,
      "citation_marker_presence_rate": 0.0,
      "citation_source_alignment_rate": 0.0,
      "completed_count": 2,
      "context_recall_avg": 1.0,
      "context_selected_count_avg": 1.0,
      "corpus_grounded_item_count": 1,
      "corpus_source_coverage_rate": 1.0,
      "evaluation_total_p95_ms": 107.57,
      "failed_count": 0,
      "faithfulness_avg": 1.0,
      "generation_backend_fallback_count": 0,
      "generation_p50_ms": 0.18,
      "generation_p95_ms": 0.31,
      "graph_hit_rate": 0.0,
      "item_count": 2,
      "judge_failure_count": 0,
      "judge_p50_ms": 0.01,
      "judge_p95_ms": 0.02,
      "no_context_count": 0,
      "p50_latency_ms": 106.84,
      "p95_latency_ms": 107.55,
      "retrieval_backend_fallback_count": 0,
      "retrieval_p50_ms": 0.36,
      "retrieval_p95_ms": 0.55,
      "selected_dense_path_rate": 0.0,
      "selected_graph_path_rate": 0.0,
      "selected_sparse_path_rate": 0.0,
      "source_coverage_rate": 1.0
    },
    "graph_only_rrf": {
      "answer_present_rate": 1.0,
      "answer_relevancy_avg": 1.0,
      "avg_context_selected_diagnostic_count": 1.0,
      "avg_dense_candidate_count": 0.0,
      "avg_fused_candidate_count": 0.0,
      "avg_gold_doc_coverage_rate": 0.0,
      "avg_gold_page_hit_rate": 0.0,
      "avg_gold_quote_overlap": 0.144,
      "avg_graph_candidate_count": 0.0,
      "avg_latency_ms": 105.405,
      "avg_ranked_candidate_count": 0.0,
      "avg_retrieval_latency_ms": 0.33,
      "avg_source_count": 1.0,
      "avg_sparse_candidate_count": 0.0,
      "chart_context_grounding_avg": 1.0,
      "chart_only_count": 1,
      "citation_coverage_rate": 0.75,
      "citation_fallback_count": 0,
      "citation_marker_presence_rate": 0.0,
      "citation_source_alignment_rate": 0.0,
      "completed_count": 2,
      "context_recall_avg": 1.0,
      "context_selected_count_avg": 1.0,
      "corpus_grounded_item_count": 1,
      "corpus_source_coverage_rate": 1.0,
      "evaluation_total_p95_ms": 107.65,
      "failed_count": 0,
      "faithfulness_avg": 1.0,
      "generation_backend_fallback_count": 0,
      "generation_p50_ms": 0.06,
      "generation_p95_ms": 0.07,
      "graph_hit_rate": 0.0,
      "item_count": 2,
      "judge_failure_count": 0,
      "judge_p50_ms": 0.01,
      "judge_p95_ms": 0.02,
      "no_context_count": 0,
      "p50_latency_ms": 105.41,
      "p95_latency_ms": 107.63,
      "retrieval_backend_fallback_count": 0,
      "retrieval_p50_ms": 0.33,
      "retrieval_p95_ms": 0.44,
      "selected_dense_path_rate": 0.0,
      "selected_graph_path_rate": 0.0,
      "selected_sparse_path_rate": 0.0,
      "source_coverage_rate": 1.0
    },
    "sparse_only_rrf": {
      "answer_present_rate": 1.0,
      "answer_relevancy_avg": 1.0,
      "avg_context_selected_diagnostic_count": 1.0,
      "avg_dense_candidate_count": 0.0,
      "avg_fused_candidate_count": 0.0,
      "avg_gold_doc_coverage_rate": 0.0,
      "avg_gold_page_hit_rate": 0.0,
      "avg_gold_quote_overlap": 0.144,
      "avg_graph_candidate_count": 0.0,
      "avg_latency_ms": 111.465,
      "avg_ranked_candidate_count": 0.0,
      "avg_retrieval_latency_ms": 0.335,
      "avg_source_count": 1.0,
      "avg_sparse_candidate_count": 0.0,
      "chart_context_grounding_avg": 1.0,
      "chart_only_count": 1,
      "citation_coverage_rate": 0.75,
      "citation_fallback_count": 0,
      "citation_marker_presence_rate": 0.0,
      "citation_source_alignment_rate": 0.0,
      "completed_count": 2,
      "context_recall_avg": 1.0,
      "context_selected_count_avg": 1.0,
      "corpus_grounded_item_count": 1,
      "corpus_source_coverage_rate": 1.0,
      "evaluation_total_p95_ms": 112.01,
      "failed_count": 0,
      "faithfulness_avg": 1.0,
      "generation_backend_fallback_count": 0,
      "generation_p50_ms": 0.08,
      "generation_p95_ms": 0.1,
      "graph_hit_rate": 0.0,
      "item_count": 2,
      "judge_failure_count": 0,
      "judge_p50_ms": 0.01,
      "judge_p95_ms": 0.01,
      "no_context_count": 0,
      "p50_latency_ms": 111.47,
      "p95_latency_ms": 112.0,
      "retrieval_backend_fallback_count": 0,
      "retrieval_p50_ms": 0.34,
      "retrieval_p95_ms": 0.49,
      "selected_dense_path_rate": 0.0,
      "selected_graph_path_rate": 0.0,
      "selected_sparse_path_rate": 0.0,
      "source_coverage_rate": 1.0
    }
  },
  "output_dir": "benchmark\\tuvi_golden_dataset\\reports_final\\00_preflight\\smoke_retrieval_fusion_reranker",
  "status": "completed",
  "statuses": {
    "all_paths_planner_dense_rrf": "completed",
    "baseline_graph_first": "completed",
    "baseline_graph_sparse_rrf": "completed",
    "baseline_no_reranker": "completed",
    "baseline_weighted_sum": "completed",
    "dense_only_rrf": "completed",
    "dense_sparse_rrf": "completed",
    "graph_dense_rrf": "completed",
    "graph_only_rrf": "completed",
    "sparse_only_rrf": "completed"
  }
}
