{
  "config_count": 3,
  "dataset_item_count": 2,
  "execution_summary": {
    "completed_pair_count": 6,
    "executed_pair_count": 6,
    "expected_pair_count": 6,
    "failed_pair_count": 0,
    "resumed_pair_count": 0
  },
  "judge_backend": "static-smoke",
  "manifest_name": "w6_abl_03_chunking_strategy_v1",
  "metrics": {
    "fixed_512_graph_sparse_rrf": {
      "answer_present_rate": 1.0,
      "answer_relevancy_avg": 1.0,
      "avg_context_selected_diagnostic_count": 1.0,
      "avg_dense_candidate_count": 0.0,
      "avg_fused_candidate_count": 0.0,
      "avg_gold_doc_coverage_rate": 0.0,
      "avg_gold_page_hit_rate": 0.0,
      "avg_gold_quote_overlap": 0.144,
      "avg_graph_candidate_count": 0.0,
      "avg_latency_ms": 139.0,
      "avg_ranked_candidate_count": 0.0,
      "avg_retrieval_latency_ms": 0.665,
      "avg_source_count": 1.0,
      "avg_sparse_candidate_count": 0.0,
      "chart_context_grounding_avg": 1.0,
      "chart_only_count": 1,
      "citation_coverage_rate": 0.75,
      "citation_fallback_count": 0,
      "citation_marker_presence_rate": 0.0,
      "citation_source_alignment_rate": 0.0,
      "completed_count": 2,
      "context_recall_avg": 1.0,
      "context_selected_count_avg": 1.0,
      "corpus_grounded_item_count": 1,
      "corpus_source_coverage_rate": 1.0,
      "evaluation_total_p95_ms": 167.32,
      "failed_count": 0,
      "faithfulness_avg": 1.0,
      "generation_backend_fallback_count": 0,
      "generation_p50_ms": 0.07,
      "generation_p95_ms": 0.07,
      "graph_hit_rate": 0.0,
      "item_count": 2,
      "judge_failure_count": 0,
      "judge_p50_ms": 0.02,
      "judge_p95_ms": 0.02,
      "no_context_count": 0,
      "p50_latency_ms": 139.0,
      "p95_latency_ms": 167.3,
      "retrieval_backend_fallback_count": 0,
      "retrieval_p50_ms": 0.67,
      "retrieval_p95_ms": 1.06,
      "selected_dense_path_rate": 0.0,
      "selected_graph_path_rate": 0.0,
      "selected_sparse_path_rate": 0.0,
      "source_coverage_rate": 1.0
    },
    "parent_child_graph_sparse_rrf": {
      "answer_present_rate": 1.0,
      "answer_relevancy_avg": 1.0,
      "avg_context_selected_diagnostic_count": 1.0,
      "avg_dense_candidate_count": 0.0,
      "avg_fused_candidate_count": 0.0,
      "avg_gold_doc_coverage_rate": 0.0,
      "avg_gold_page_hit_rate": 0.0,
      "avg_gold_quote_overlap": 0.144,
      "avg_graph_candidate_count": 0.0,
      "avg_latency_ms": 101.525,
      "avg_ranked_candidate_count": 0.0,
      "avg_retrieval_latency_ms": 0.465,
      "avg_source_count": 1.0,
      "avg_sparse_candidate_count": 0.0,
      "chart_context_grounding_avg": 1.0,
      "chart_only_count": 1,
      "citation_coverage_rate": 0.75,
      "citation_fallback_count": 0,
      "citation_marker_presence_rate": 0.0,
      "citation_source_alignment_rate": 0.0,
      "completed_count": 2,
      "context_recall_avg": 1.0,
      "context_selected_count_avg": 1.0,
      "corpus_grounded_item_count": 1,
      "corpus_source_coverage_rate": 1.0,
      "evaluation_total_p95_ms": 102.81,
      "failed_count": 0,
      "faithfulness_avg": 1.0,
      "generation_backend_fallback_count": 0,
      "generation_p50_ms": 0.07,
      "generation_p95_ms": 0.09,
      "graph_hit_rate": 0.0,
      "item_count": 2,
      "judge_failure_count": 0,
      "judge_p50_ms": 0.01,
      "judge_p95_ms": 0.02,
      "no_context_count": 0,
      "p50_latency_ms": 101.53,
      "p95_latency_ms": 102.79,
      "retrieval_backend_fallback_count": 0,
      "retrieval_p50_ms": 0.47,
      "retrieval_p95_ms": 0.64,
      "selected_dense_path_rate": 0.0,
      "selected_graph_path_rate": 0.0,
      "selected_sparse_path_rate": 0.0,
      "source_coverage_rate": 1.0
    },
    "semantic_bge_m3_graph_sparse_rrf": {
      "answer_present_rate": 1.0,
      "answer_relevancy_avg": 1.0,
      "avg_context_selected_diagnostic_count": 1.0,
      "avg_dense_candidate_count": 0.0,
      "avg_fused_candidate_count": 0.0,
      "avg_gold_doc_coverage_rate": 0.0,
      "avg_gold_page_hit_rate": 0.0,
      "avg_gold_quote_overlap": 0.144,
      "avg_graph_candidate_count": 0.0,
      "avg_latency_ms": 99.455,
      "avg_ranked_candidate_count": 0.0,
      "avg_retrieval_latency_ms": 0.44,
      "avg_source_count": 1.0,
      "avg_sparse_candidate_count": 0.0,
      "chart_context_grounding_avg": 1.0,
      "chart_only_count": 1,
      "citation_coverage_rate": 0.75,
      "citation_fallback_count": 0,
      "citation_marker_presence_rate": 0.0,
      "citation_source_alignment_rate": 0.0,
      "completed_count": 2,
      "context_recall_avg": 1.0,
      "context_selected_count_avg": 1.0,
      "corpus_grounded_item_count": 1,
      "corpus_source_coverage_rate": 1.0,
      "evaluation_total_p95_ms": 99.67,
      "failed_count": 0,
      "faithfulness_avg": 1.0,
      "generation_backend_fallback_count": 0,
      "generation_p50_ms": 0.05,
      "generation_p95_ms": 0.05,
      "graph_hit_rate": 0.0,
      "item_count": 2,
      "judge_failure_count": 0,
      "judge_p50_ms": 0.01,
      "judge_p95_ms": 0.02,
      "no_context_count": 0,
      "p50_latency_ms": 99.45,
      "p95_latency_ms": 99.65,
      "retrieval_backend_fallback_count": 0,
      "retrieval_p50_ms": 0.44,
      "retrieval_p95_ms": 0.7,
      "selected_dense_path_rate": 0.0,
      "selected_graph_path_rate": 0.0,
      "selected_sparse_path_rate": 0.0,
      "source_coverage_rate": 1.0
    }
  },
  "output_dir": "benchmark\\tuvi_golden_dataset\\reports_final\\00_preflight\\smoke_chunking",
  "status": "completed",
  "statuses": {
    "fixed_512_graph_sparse_rrf": "completed",
    "parent_child_graph_sparse_rrf": "completed",
    "semantic_bge_m3_graph_sparse_rrf": "completed"
  }
}
